hlsl.void.frag
Shader version: 450
gl_FragCoord origin is upper left
0:? Sequence
0:2  Function Definition: foo1( (global void)
0:1    Function Parameters: 
0:4  Function Definition: foo2( (global void)
0:2    Function Parameters: 
0:8  Function Definition: PixelShaderFunction(vf4; (global 4-component vector of float)
0:5    Function Parameters: 
0:5      'input' (in 4-component vector of float)
0:?     Sequence
0:6      Function Call: foo1( (global void)
0:7      Function Call: foo2( (global void)
0:?   Linker Objects


Linked fragment stage:


Shader version: 450
gl_FragCoord origin is upper left
0:? Sequence
0:2  Function Definition: foo1( (global void)
0:1    Function Parameters: 
0:4  Function Definition: foo2( (global void)
0:2    Function Parameters: 
0:8  Function Definition: PixelShaderFunction(vf4; (global 4-component vector of float)
0:5    Function Parameters: 
0:5      'input' (in 4-component vector of float)
0:?     Sequence
0:6      Function Call: foo1( (global void)
0:7      Function Call: foo2( (global void)
0:?   Linker Objects

// Module Version 10000
// Generated by (magic number): 80001
// Id's are bound by 12

                              Capability Shader
               1:             ExtInstImport  "GLSL.std.450"
                              MemoryModel Logical GLSL450
                              EntryPoint Fragment 4  "PixelShaderFunction"
                              ExecutionMode 4 OriginUpperLeft
                              Name 4  "PixelShaderFunction"
                              Name 6  "foo1("
                              Name 8  "foo2("
               2:             TypeVoid
               3:             TypeFunction 2
4(PixelShaderFunction):           2 Function None 3
               5:             Label
              10:           2 FunctionCall 6(foo1()
              11:           2 FunctionCall 8(foo2()
                              Return
                              FunctionEnd
        6(foo1():           2 Function None 3
               7:             Label
                              Return
                              FunctionEnd
        8(foo2():           2 Function None 3
               9:             Label
                              Return
                              FunctionEnd
